[server] 
[server] > bridgemasterserver@1.0.0 dev
[server] > tsx src/server.ts
[server] 
[vue] 
[vue] > vue-bridgemaster@1.0.0 dev
[vue] > vite
[vue] 
[vue] Node-API symbol napi_create_function has not been loaded
[vue] Node-API symbol napi_set_named_property has not been loaded
[vue] Node-API symbol napi_create_function has not been loaded
[vue] Node-API symbol napi_set_named_property has not been loaded
[vue] Node-API symbol napi_create_function has not been loaded
[vue] Node-API symbol napi_set_named_property has not been loaded
[vue] Node-API symbol napi_create_function has not been loaded
[vue] Node-API symbol napi_set_named_property has not been loaded
[vue] Node-API symbol napi_create_function has not been loaded
[vue] Node-API symbol napi_set_named_property has not been loaded
[vue] Node-API symbol napi_define_class has not been loaded
[vue] Node-API symbol napi_create_reference has not been loaded
[vue] Node-API symbol napi_set_named_property has not been loaded
[vue] Node-API symbol napi_create_function has not been loaded
[vue] Node-API symbol napi_create_string_utf8 has not been loaded
[vue] Node-API symbol napi_create_threadsafe_function has not been loaded
[vue] Node-API symbol napi_unref_threadsafe_function has not been loaded
[server] BridgeMasterServer is running on http://localhost:3001
[dds] INFO:     Started server process [9116]
[dds] INFO:     Waiting for application startup.
[dds] INFO:     Application startup complete.
[dds] INFO:     Uvicorn running on http://127.0.0.1:8001 (Press CTRL+C to quit)
[vue] [vite-plugin-static-copy] Collected 1 items.
[vue] 
[vue]   VITE v5.4.21  ready in 7325 ms
[vue] 
[vue]   ➜  Local:   http://localhost:5173/
[vue]   ➜  Network: use --host to expose
[vue] 09:53:03 [vite] Internal server error: parse is not a function
[vue]   Plugin: vite:asset-import-meta-url
[vue]   File: E:/workspace/BridgeMaster/VueBridgeMaster/node_modules/vite/dist/client/client.mjs
[vue]       at parseAst (file:///E:/workspace/BridgeMaster/VueBridgeMaster/node_modules/rollup/dist/es/shared/parseAst.js:2121:115)
[vue]       at TransformPluginContext.parse (file:///E:/workspace/BridgeMaster/VueBridgeMaster/node_modules/vite/dist/node/chunks/dep-BK3b2jBa.js:49167:12)
[vue]       at TransformPluginContext.transform (file:///E:/workspace/BridgeMaster/VueBridgeMaster/node_modules/vite/dist/node/chunks/dep-BK3b2jBa.js:48187:30)
[vue]       at PluginContainer.transform (file:///E:/workspace/BridgeMaster/VueBridgeMaster/node_modules/vite/dist/node/chunks/dep-BK3b2jBa.js:49100:19)
[vue]       at async loadAndTransform (file:///E:/workspace/BridgeMaster/VueBridgeMaster/node_modules/vite/dist/node/chunks/dep-BK3b2jBa.js:51978:27)
[vue] 09:53:14 [vite] Internal server error: parse is not a function
[vue]   Plugin: vite:asset-import-meta-url
[vue]   File: E:/workspace/BridgeMaster/VueBridgeMaster/node_modules/vite/dist/client/client.mjs
[vue]       at parseAst (file:///E:/workspace/BridgeMaster/VueBridgeMaster/node_modules/rollup/dist/es/shared/parseAst.js:2121:115)
[vue]       at TransformPluginContext.parse (file:///E:/workspace/BridgeMaster/VueBridgeMaster/node_modules/vite/dist/node/chunks/dep-BK3b2jBa.js:49167:12)
[vue]       at TransformPluginContext.transform (file:///E:/workspace/BridgeMaster/VueBridgeMaster/node_modules/vite/dist/node/chunks/dep-BK3b2jBa.js:48187:30)
[vue]       at PluginContainer.transform (file:///E:/workspace/BridgeMaster/VueBridgeMaster/node_modules/vite/dist/node/chunks/dep-BK3b2jBa.js:49100:19)
[vue]       at async loadAndTransform (file:///E:/workspace/BridgeMaster/VueBridgeMaster/node_modules/vite/dist/node/chunks/dep-BK3b2jBa.js:51978:27)
[vue]       at async viteTransformMiddleware (file:///E:/workspace/BridgeMaster/VueBridgeMaster/node_modules/vite/dist/node/chunks/dep-BK3b2jBa.js:62106:24)
[vue] 09:55:00 [vite] Internal server error: parse is not a function
[vue]   Plugin: vite:asset-import-meta-url
[vue]   File: E:/workspace/BridgeMaster/VueBridgeMaster/node_modules/vite/dist/client/client.mjs
[vue]       at parseAst (file:///E:/workspace/BridgeMaster/VueBridgeMaster/node_modules/rollup/dist/es/shared/parseAst.js:2121:115)
[vue]       at TransformPluginContext.parse (file:///E:/workspace/BridgeMaster/VueBridgeMaster/node_modules/vite/dist/node/chunks/dep-BK3b2jBa.js:49167:12)
[vue]       at TransformPluginContext.transform (file:///E:/workspace/BridgeMaster/VueBridgeMaster/node_modules/vite/dist/node/chunks/dep-BK3b2jBa.js:48187:30)
[vue]       at PluginContainer.transform (file:///E:/workspace/BridgeMaster/VueBridgeMaster/node_modules/vite/dist/node/chunks/dep-BK3b2jBa.js:49100:19)
[vue]       at async loadAndTransform (file:///E:/workspace/BridgeMaster/VueBridgeMaster/node_modules/vite/dist/node/chunks/dep-BK3b2jBa.js:51978:27)
[vue]       at async viteTransformMiddleware (file:///E:/workspace/BridgeMaster/VueBridgeMaster/node_modules/vite/dist/node/chunks/dep-BK3b2jBa.js:62106:24)